Uncompressing Linux... Ok, booting the kernel.
Linux version 2.6.23-uc0-ge61bcaf8-dirty (yeek@cszengdev01.localdomain) (gcc version 3.4.6) #12 PREEMPT Tue Dec 2 16:09:52 CST 2014


uClinux/Nios II
Altera Nios II support (C) 2004 Microtronix Datacom Ltd.

setup_arch: No persistant network settings signature at 0DFF0000
Built 1 zonelists in Zone order.  Total pages: 30480
Kernel command line:
PID hash table entries: 512 (order: 9, 2048 bytes)
console [ttyS0] enabled
Dentry cache hash table entries: 16384 (order: 4, 65536 bytes)
Inode-cache hash table entries: 8192 (order: 3, 32768 bytes)
Memory available: 119040k/2608k RAM, 0k/0k ROM (1698k kernel code, 909k data)
Mount-cache hash table entries: 512
NET: Registered protocol family 16
NET: Registered protocol family 2
IP route cache hash table entries: 1024 (order: 0, 4096 bytes)
TCP established hash table entries: 4096 (order: 3, 32768 bytes)
TCP bind hash table entries: 4096 (order: 2, 16384 bytes)
TCP: Hash tables configured (established 4096 bind 4096)
TCP reno registered
JFFS2 version 2.2. (NAND) Â© 2001-2006 Red Hat, Inc.
io scheduler noop registered
io scheduler deadline registered (default)
NIOS serial driver version 0.0
ttyS0 (irq = 16) is a builtin NIOS UART
ttyS1 (irq = 15) is a builtin NIOS UART
ttyS2 (irq = 9) is a builtin NIOS UART
Altera NDK flash (AMD): Found 1 x16 devices at 0x0 in 8-bit bank
 Intel/Sharp Extended Query Table at 0x010A
 Intel/Sharp Extended Query Table at 0x010A
 Intel/Sharp Extended Query Table at 0x010A
 Intel/Sharp Extended Query Table at 0x010A
 Intel/Sharp Extended Query Table at 0x010A
Using buffer write method
cfi_cmdset_0001: Erase suspend on write enabled
cmdlinepart partition parsing not available
RedBoot partition parsing not available
Using Altera NDK partition definition
Creating 7 MTD partitions on "Altera NDK flash (AMD)":
0x00000000-0x00020000 : "boot_loader"
0x00020000-0x00040000 : "option_bits"
0x00040000-0x00260000 : "fpga0"
0x00260000-0x00480000 : "fpga1"
0x00480000-0x00c80000 : "linux0"
0x00c80000-0x01480000 : "linux1"
0x01480000-0x02000000 : "romfs/jffs2"
TCP cubic registered
NET: Registered protocol family 1
NET: Registered protocol family 17
Freeing unused kernel memory: 620k freed (0x1df000 - 0x279000)
Shell invoked to run file: /etc/rc
Command: hostname uClinux
Command: mount -t proc proc /proc
Command: mount -t sysfs sysfs /sys
Command: mount -t usbfs none /proc/bus/usb
mount: mounting none on /proc/bus/usb failed
Command: mkdir /var/tmp
Command: mkdir /var/log
Command: mkdir /var/run
Command: mkdir /var/lock
Command: mkdir /var/empty
Command: ifconfig lo 127.0.0.1
Command: route add -net 127.0.0.0 netmask 255.0.0.0 lo
Command: cat /etc/motd
Welcome to
          ____ _  _
         /  __| ||_|
    _   _| |  | | _ ____  _   _  _  _
   | | | | |  | || |  _ \| | | |\ \/ /
   | |_| | |__| || | | | | |_| |/    \
   |  ___\____|_||_|_| |_|\____|\_/\_/
   | |
   |_|

For further information check:
http://www.uclinux.org/

Execution Finished, Exiting

Sash command shell (version 1.1.1)
/>

